Archive member included to satisfy reference by file (symbol)

/usr/lib/gcc/avr/5.4.0/avr5/libgcc.a(_exit.o)
                              /usr/lib/gcc/avr/5.4.0/../../../avr/lib/avr5/crtatmega32.o (exit)
/usr/lib/gcc/avr/5.4.0/avr5/libgcc.a(_tablejump2.o)
                              ./SRC/MCAL/Timer/timer.o (__tablejump2__)
/usr/lib/gcc/avr/5.4.0/avr5/libgcc.a(_copy_data.o)
                              ./SRC/HAL/Sev_Seg/Sev_Seg.o (__do_copy_data)
/usr/lib/gcc/avr/5.4.0/avr5/libgcc.a(_clear_bss.o)
                              ./SRC/APP/main.o (__do_clear_bss)
/usr/lib/gcc/avr/5.4.0/avr5/libgcc.a(_umulhisi3.o)
                              ./SRC/HAL/LCD/LCD.o (__umulhisi3)
/usr/lib/gcc/avr/5.4.0/../../../avr/lib/avr5/libm.a(addsf3.o)
                              ./SRC/MCAL/SPI/spi.o (__addsf3)
/usr/lib/gcc/avr/5.4.0/../../../avr/lib/avr5/libm.a(addsf3x.o)
                              /usr/lib/gcc/avr/5.4.0/../../../avr/lib/avr5/libm.a(addsf3.o) (__addsf3x)
/usr/lib/gcc/avr/5.4.0/../../../avr/lib/avr5/libm.a(cmpsf2.o)
                              ./SRC/MCAL/SPI/spi.o (__ltsf2)
/usr/lib/gcc/avr/5.4.0/../../../avr/lib/avr5/libm.a(divsf3.o)
                              ./SRC/MCAL/SPI/spi.o (__divsf3)
/usr/lib/gcc/avr/5.4.0/../../../avr/lib/avr5/libm.a(divsf3x.o)
                              /usr/lib/gcc/avr/5.4.0/../../../avr/lib/avr5/libm.a(divsf3.o) (__divsf3x)
/usr/lib/gcc/avr/5.4.0/../../../avr/lib/avr5/libm.a(fixunssfsi.o)
                              ./SRC/MCAL/SPI/spi.o (__fixunssfsi)
/usr/lib/gcc/avr/5.4.0/../../../avr/lib/avr5/libm.a(floatsisf.o)
                              ./SRC/HAL/Sev_Seg/Sev_Seg.o (__floatunsisf)
/usr/lib/gcc/avr/5.4.0/../../../avr/lib/avr5/libm.a(fp_cmp.o)
                              /usr/lib/gcc/avr/5.4.0/../../../avr/lib/avr5/libm.a(cmpsf2.o) (__fp_cmp)
/usr/lib/gcc/avr/5.4.0/../../../avr/lib/avr5/libm.a(fp_inf.o)
                              /usr/lib/gcc/avr/5.4.0/../../../avr/lib/avr5/libm.a(addsf3x.o) (__fp_inf)
/usr/lib/gcc/avr/5.4.0/../../../avr/lib/avr5/libm.a(fp_nan.o)
                              /usr/lib/gcc/avr/5.4.0/../../../avr/lib/avr5/libm.a(addsf3x.o) (__fp_nan)
/usr/lib/gcc/avr/5.4.0/../../../avr/lib/avr5/libm.a(fp_pscA.o)
                              /usr/lib/gcc/avr/5.4.0/../../../avr/lib/avr5/libm.a(addsf3x.o) (__fp_pscA)
/usr/lib/gcc/avr/5.4.0/../../../avr/lib/avr5/libm.a(fp_pscB.o)
                              /usr/lib/gcc/avr/5.4.0/../../../avr/lib/avr5/libm.a(addsf3x.o) (__fp_pscB)
/usr/lib/gcc/avr/5.4.0/../../../avr/lib/avr5/libm.a(fp_round.o)
                              /usr/lib/gcc/avr/5.4.0/../../../avr/lib/avr5/libm.a(addsf3.o) (__fp_round)
/usr/lib/gcc/avr/5.4.0/../../../avr/lib/avr5/libm.a(fp_split3.o)
                              /usr/lib/gcc/avr/5.4.0/../../../avr/lib/avr5/libm.a(addsf3x.o) (__fp_split3)
/usr/lib/gcc/avr/5.4.0/../../../avr/lib/avr5/libm.a(fp_zero.o)
                              /usr/lib/gcc/avr/5.4.0/../../../avr/lib/avr5/libm.a(addsf3x.o) (__fp_zero)
/usr/lib/gcc/avr/5.4.0/../../../avr/lib/avr5/libm.a(gesf2.o)
                              ./SRC/MCAL/SPI/spi.o (__gtsf2)
/usr/lib/gcc/avr/5.4.0/../../../avr/lib/avr5/libm.a(mulsf3.o)
                              ./SRC/MCAL/SPI/spi.o (__mulsf3)
/usr/lib/gcc/avr/5.4.0/../../../avr/lib/avr5/libm.a(mulsf3x.o)
                              /usr/lib/gcc/avr/5.4.0/../../../avr/lib/avr5/libm.a(mulsf3.o) (__mulsf3x)

Allocating common symbols
Common symbol       size              file

dataPass            0x5               ./SRC/APP/main.o
dataUser            0x5               ./SRC/APP/main.o

Memory Configuration

Name             Origin             Length             Attributes
text             0x0000000000000000 0x0000000000008000 xr
data             0x0000000000800060 0x0000000000000800 rw !x
eeprom           0x0000000000810000 0x0000000000000400 rw !x
fuse             0x0000000000820000 0x0000000000000002 rw !x
lock             0x0000000000830000 0x0000000000000400 rw !x
signature        0x0000000000840000 0x0000000000000400 rw !x
user_signatures  0x0000000000850000 0x0000000000000400 rw !x
*default*        0x0000000000000000 0xffffffffffffffff

Linker script and memory map

LOAD /usr/lib/gcc/avr/5.4.0/../../../avr/lib/avr5/crtatmega32.o
LOAD ./SRC/MCAL/UART/UART.o
LOAD ./SRC/MCAL/Timer/timer.o
LOAD ./SRC/MCAL/SPI/spi.o
LOAD ./SRC/MCAL/EXTI/EXTI.o
LOAD ./SRC/MCAL/DIO/Dio.o
LOAD ./SRC/MCAL/DIO/Dio_cfg.o
LOAD ./SRC/MCAL/ADC/ADC.o
LOAD ./SRC/HAL/Sev_Seg/Sev_Seg.o
LOAD ./SRC/HAL/LED/Led.o
LOAD ./SRC/HAL/LCD/LCD.o
LOAD ./SRC/HAL/Keypad/Keypad.o
LOAD ./SRC/APP/main.o
LOAD ./SRC/APP/mainIraqi.o
START GROUP
LOAD /usr/lib/gcc/avr/5.4.0/avr5/libgcc.a
LOAD /usr/lib/gcc/avr/5.4.0/../../../avr/lib/avr5/libm.a
LOAD /usr/lib/gcc/avr/5.4.0/../../../avr/lib/avr5/libc.a
LOAD /usr/lib/gcc/avr/5.4.0/../../../avr/lib/avr5/libatmega32.a
END GROUP
                0x0000000000000000                __TEXT_REGION_ORIGIN__ = DEFINED (__TEXT_REGION_ORIGIN__)?__TEXT_REGION_ORIGIN__:0x0
                [0x0000000000800060]                __DATA_REGION_ORIGIN__ = DEFINED (__DATA_REGION_ORIGIN__)?__DATA_REGION_ORIGIN__:0x800060
                [0x0000000000008000]                __TEXT_REGION_LENGTH__ = DEFINED (__TEXT_REGION_LENGTH__)?__TEXT_REGION_LENGTH__:0x20000
                [0x0000000000000800]                __DATA_REGION_LENGTH__ = DEFINED (__DATA_REGION_LENGTH__)?__DATA_REGION_LENGTH__:0xffa0
                [0x0000000000000400]                __EEPROM_REGION_LENGTH__ = DEFINED (__EEPROM_REGION_LENGTH__)?__EEPROM_REGION_LENGTH__:0x10000
                [0x0000000000000002]                __FUSE_REGION_LENGTH__ = DEFINED (__FUSE_REGION_LENGTH__)?__FUSE_REGION_LENGTH__:0x400
                0x0000000000000400                __LOCK_REGION_LENGTH__ = DEFINED (__LOCK_REGION_LENGTH__)?__LOCK_REGION_LENGTH__:0x400
                0x0000000000000400                __SIGNATURE_REGION_LENGTH__ = DEFINED (__SIGNATURE_REGION_LENGTH__)?__SIGNATURE_REGION_LENGTH__:0x400
                0x0000000000000400                __USER_SIGNATURE_REGION_LENGTH__ = DEFINED (__USER_SIGNATURE_REGION_LENGTH__)?__USER_SIGNATURE_REGION_LENGTH__:0x400

.hash
 *(.hash)

.dynsym
 *(.dynsym)

.dynstr
 *(.dynstr)

.gnu.version
 *(.gnu.version)

.gnu.version_d
 *(.gnu.version_d)

.gnu.version_r
 *(.gnu.version_r)

.rel.init
 *(.rel.init)

.rela.init
 *(.rela.init)

.rel.text
 *(.rel.text)
 *(.rel.text.*)
 *(.rel.gnu.linkonce.t*)

.rela.text
 *(.rela.text)
 *(.rela.text.*)
 *(.rela.gnu.linkonce.t*)

.rel.fini
 *(.rel.fini)

.rela.fini
 *(.rela.fini)

.rel.rodata
 *(.rel.rodata)
 *(.rel.rodata.*)
 *(.rel.gnu.linkonce.r*)

.rela.rodata
 *(.rela.rodata)
 *(.rela.rodata.*)
 *(.rela.gnu.linkonce.r*)

.rel.data
 *(.rel.data)
 *(.rel.data.*)
 *(.rel.gnu.linkonce.d*)

.rela.data
 *(.rela.data)
 *(.rela.data.*)
 *(.rela.gnu.linkonce.d*)

.rel.ctors
 *(.rel.ctors)

.rela.ctors
 *(.rela.ctors)

.rel.dtors
 *(.rel.dtors)

.rela.dtors
 *(.rela.dtors)

.rel.got
 *(.rel.got)

.rela.got
 *(.rela.got)

.rel.bss
 *(.rel.bss)

.rela.bss
 *(.rela.bss)

.rel.plt
 *(.rel.plt)

.rela.plt
 *(.rela.plt)

.text           0x0000000000000000     0x415c
 *(.vectors)
 .vectors       0x0000000000000000       0x54 /usr/lib/gcc/avr/5.4.0/../../../avr/lib/avr5/crtatmega32.o
                0x0000000000000000                __vectors
                0x0000000000000000                __vector_default
 *(.vectors)
 *(.progmem.gcc*)
 .progmem.gcc_sw_table.Timer_init
                0x0000000000000054       0x50 ./SRC/MCAL/Timer/timer.o
 .progmem.gcc_sw_table.SPI_enuMasterInit
                0x00000000000000a4       0x10 ./SRC/MCAL/SPI/spi.o
                0x00000000000000b4                . = ALIGN (0x2)
                0x00000000000000b4                __trampolines_start = .
 *(.trampolines)
 .trampolines   0x00000000000000b4        0x0 linker stubs
 *(.trampolines*)
                0x00000000000000b4                __trampolines_end = .
 *libprintf_flt.a:*(.progmem.data)
 *libc.a:*(.progmem.data)
 *(.progmem*)
                0x00000000000000b4                . = ALIGN (0x2)
 *(.jumptables)
 *(.jumptables*)
 *(.lowtext)
 *(.lowtext*)
                0x00000000000000b4                __ctors_start = .
 *(.ctors)
                0x00000000000000b4                __ctors_end = .
                0x00000000000000b4                __dtors_start = .
 *(.dtors)
                0x00000000000000b4                __dtors_end = .
 SORT(*)(.ctors)
 SORT(*)(.dtors)
 *(.init0)
 .init0         0x00000000000000b4        0x0 /usr/lib/gcc/avr/5.4.0/../../../avr/lib/avr5/crtatmega32.o
                0x00000000000000b4                __init
 *(.init0)
 *(.init1)
 *(.init1)
 *(.init2)
 .init2         0x00000000000000b4        0xc /usr/lib/gcc/avr/5.4.0/../../../avr/lib/avr5/crtatmega32.o
 *(.init2)
 *(.init3)
 *(.init3)
 *(.init4)
 .init4         0x00000000000000c0       0x16 /usr/lib/gcc/avr/5.4.0/avr5/libgcc.a(_copy_data.o)
                0x00000000000000c0                __do_copy_data
 .init4         0x00000000000000d6       0x10 /usr/lib/gcc/avr/5.4.0/avr5/libgcc.a(_clear_bss.o)
                0x00000000000000d6                __do_clear_bss
 *(.init4)
 *(.init5)
 *(.init5)
 *(.init6)
 *(.init6)
 *(.init7)
 *(.init7)
 *(.init8)
 *(.init8)
 *(.init9)
 .init9         0x00000000000000e6        0x8 /usr/lib/gcc/avr/5.4.0/../../../avr/lib/avr5/crtatmega32.o
 *(.init9)
 *(.text)
 .text          0x00000000000000ee        0x4 /usr/lib/gcc/avr/5.4.0/../../../avr/lib/avr5/crtatmega32.o
                0x00000000000000ee                __vector_1
                0x00000000000000ee                __vector_12
                0x00000000000000ee                __bad_interrupt
                0x00000000000000ee                __vector_6
                0x00000000000000ee                __vector_3
                0x00000000000000ee                __vector_11
                0x00000000000000ee                __vector_13
                0x00000000000000ee                __vector_17
                0x00000000000000ee                __vector_19
                0x00000000000000ee                __vector_7
                0x00000000000000ee                __vector_5
                0x00000000000000ee                __vector_4
                0x00000000000000ee                __vector_9
                0x00000000000000ee                __vector_2
                0x00000000000000ee                __vector_15
                0x00000000000000ee                __vector_8
                0x00000000000000ee                __vector_14
                0x00000000000000ee                __vector_10
                0x00000000000000ee                __vector_16
                0x00000000000000ee                __vector_18
                0x00000000000000ee                __vector_20
 .text          0x00000000000000f2        0x0 ./SRC/MCAL/UART/UART.o
 .text          0x00000000000000f2        0x0 ./SRC/MCAL/Timer/timer.o
 .text          0x00000000000000f2        0x0 ./SRC/MCAL/SPI/spi.o
 .text          0x00000000000000f2        0x0 ./SRC/MCAL/EXTI/EXTI.o
 .text          0x00000000000000f2        0x0 ./SRC/MCAL/DIO/Dio.o
 .text          0x00000000000000f2        0x0 ./SRC/MCAL/DIO/Dio_cfg.o
 .text          0x00000000000000f2        0x0 ./SRC/MCAL/ADC/ADC.o
 .text          0x00000000000000f2        0x0 ./SRC/HAL/Sev_Seg/Sev_Seg.o
 .text          0x00000000000000f2        0x0 ./SRC/HAL/LED/Led.o
 .text          0x00000000000000f2        0x0 ./SRC/HAL/LCD/LCD.o
 .text          0x00000000000000f2        0x0 ./SRC/HAL/Keypad/Keypad.o
 .text          0x00000000000000f2        0x0 ./SRC/APP/main.o
 .text          0x00000000000000f2        0x0 ./SRC/APP/mainIraqi.o
 .text          0x00000000000000f2        0x0 /usr/lib/gcc/avr/5.4.0/avr5/libgcc.a(_exit.o)
 .text          0x00000000000000f2        0x0 /usr/lib/gcc/avr/5.4.0/avr5/libgcc.a(_tablejump2.o)
 .text          0x00000000000000f2        0x0 /usr/lib/gcc/avr/5.4.0/avr5/libgcc.a(_copy_data.o)
 .text          0x00000000000000f2        0x0 /usr/lib/gcc/avr/5.4.0/avr5/libgcc.a(_clear_bss.o)
 .text          0x00000000000000f2        0x0 /usr/lib/gcc/avr/5.4.0/avr5/libgcc.a(_umulhisi3.o)
 .text          0x00000000000000f2        0x0 /usr/lib/gcc/avr/5.4.0/../../../avr/lib/avr5/libm.a(addsf3.o)
 .text          0x00000000000000f2        0x0 /usr/lib/gcc/avr/5.4.0/../../../avr/lib/avr5/libm.a(addsf3x.o)
 .text          0x00000000000000f2        0x0 /usr/lib/gcc/avr/5.4.0/../../../avr/lib/avr5/libm.a(cmpsf2.o)
 .text          0x00000000000000f2        0x0 /usr/lib/gcc/avr/5.4.0/../../../avr/lib/avr5/libm.a(divsf3.o)
 .text          0x00000000000000f2        0x0 /usr/lib/gcc/avr/5.4.0/../../../avr/lib/avr5/libm.a(divsf3x.o)
 .text          0x00000000000000f2        0x0 /usr/lib/gcc/avr/5.4.0/../../../avr/lib/avr5/libm.a(fixunssfsi.o)
 .text          0x00000000000000f2        0x0 /usr/lib/gcc/avr/5.4.0/../../../avr/lib/avr5/libm.a(floatsisf.o)
 .text          0x00000000000000f2        0x0 /usr/lib/gcc/avr/5.4.0/../../../avr/lib/avr5/libm.a(fp_cmp.o)
 .text          0x00000000000000f2        0x0 /usr/lib/gcc/avr/5.4.0/../../../avr/lib/avr5/libm.a(fp_inf.o)
 .text          0x00000000000000f2        0x0 /usr/lib/gcc/avr/5.4.0/../../../avr/lib/avr5/libm.a(fp_nan.o)
 .text          0x00000000000000f2        0x0 /usr/lib/gcc/avr/5.4.0/../../../avr/lib/avr5/libm.a(fp_pscA.o)
 .text          0x00000000000000f2        0x0 /usr/lib/gcc/avr/5.4.0/../../../avr/lib/avr5/libm.a(fp_pscB.o)
 .text          0x00000000000000f2        0x0 /usr/lib/gcc/avr/5.4.0/../../../avr/lib/avr5/libm.a(fp_round.o)
 .text          0x00000000000000f2        0x0 /usr/lib/gcc/avr/5.4.0/../../../avr/lib/avr5/libm.a(fp_split3.o)
 .text          0x00000000000000f2        0x0 /usr/lib/gcc/avr/5.4.0/../../../avr/lib/avr5/libm.a(fp_zero.o)
 .text          0x00000000000000f2        0x0 /usr/lib/gcc/avr/5.4.0/../../../avr/lib/avr5/libm.a(gesf2.o)
 .text          0x00000000000000f2        0x0 /usr/lib/gcc/avr/5.4.0/../../../avr/lib/avr5/libm.a(mulsf3.o)
 .text          0x00000000000000f2        0x0 /usr/lib/gcc/avr/5.4.0/../../../avr/lib/avr5/libm.a(mulsf3x.o)
                0x00000000000000f2                . = ALIGN (0x2)
 *(.text.*)
 .text.UART_voidInit
                0x00000000000000f2       0x36 ./SRC/MCAL/UART/UART.o
                0x00000000000000f2                UART_voidInit
 .text.UART_voidSendChar
                0x0000000000000128       0x36 ./SRC/MCAL/UART/UART.o
                0x0000000000000128                UART_voidSendChar
 .text.UART_u8GetChar
                0x000000000000015e       0x2e ./SRC/MCAL/UART/UART.o
                0x000000000000015e                UART_u8GetChar
 .text.UART_sendString
                0x000000000000018c       0x58 ./SRC/MCAL/UART/UART.o
                0x000000000000018c                UART_sendString
 .text.UART_u8GetString
                0x00000000000001e4       0x5a ./SRC/MCAL/UART/UART.o
                0x00000000000001e4                UART_u8GetString
 .text.clear_array
                0x000000000000023e       0x56 ./SRC/MCAL/UART/UART.o
                0x000000000000023e                clear_array
 .text.Timer_init
                0x0000000000000294      0xf40 ./SRC/MCAL/Timer/timer.o
                0x0000000000000294                Timer_init
 .text.Timer_voidOCMInterrupt
                0x00000000000011d4      0x12a ./SRC/MCAL/Timer/timer.o
                0x00000000000011d4                Timer_voidOCMInterrupt
 .text.Timer_voidOverflowInterrupt
                0x00000000000012fe       0xda ./SRC/MCAL/Timer/timer.o
                0x00000000000012fe                Timer_voidOverflowInterrupt
 .text.Timer_voidPreloadValue
                0x00000000000013d8       0x9e ./SRC/MCAL/Timer/timer.o
                0x00000000000013d8                Timer_voidPreloadValue
 .text.SPI_enuMasterInit
                0x0000000000001476      0x36e ./SRC/MCAL/SPI/spi.o
                0x0000000000001476                SPI_enuMasterInit
 .text.SPI_enuSlaveInit
                0x00000000000017e4      0x152 ./SRC/MCAL/SPI/spi.o
                0x00000000000017e4                SPI_enuSlaveInit
 .text.SPI_u8Trancieve
                0x0000000000001936      0x234 ./SRC/MCAL/SPI/spi.o
                0x0000000000001936                SPI_u8Trancieve
 .text.SPI_enuInterruptEnable
                0x0000000000001b6a       0x22 ./SRC/MCAL/SPI/spi.o
                0x0000000000001b6a                SPI_enuInterruptEnable
 .text.DIO_enuSetPinValue
                0x0000000000001b8c      0x1f2 ./SRC/MCAL/DIO/Dio.o
                0x0000000000001b8c                DIO_enuSetPinValue
 .text.DIO_u8GetPinValue
                0x0000000000001d7e       0xda ./SRC/MCAL/DIO/Dio.o
                0x0000000000001d7e                DIO_u8GetPinValue
 .text.DIO_enuSetPinDirection
                0x0000000000001e58      0x1f2 ./SRC/MCAL/DIO/Dio.o
                0x0000000000001e58                DIO_enuSetPinDirection
 .text.DIO_enuSetPortDirection
                0x000000000000204a       0x82 ./SRC/MCAL/DIO/Dio.o
                0x000000000000204a                DIO_enuSetPortDirection
 .text.DIO_enuSetPortValue
                0x00000000000020cc       0x7e ./SRC/MCAL/DIO/Dio.o
                0x00000000000020cc                DIO_enuSetPortValue
 .text.DIO_enuTogglePinValue
                0x000000000000214a      0x104 ./SRC/MCAL/DIO/Dio.o
                0x000000000000214a                DIO_enuTogglePinValue
 .text.ADC_Read
                0x000000000000224e       0x6c ./SRC/MCAL/ADC/ADC.o
                0x000000000000224e                ADC_Read
 .text.ADC_voidInit
                0x00000000000022ba       0x84 ./SRC/MCAL/ADC/ADC.o
                0x00000000000022ba                ADC_voidInit
 .text.ADC_voidDisable
                0x000000000000233e       0x22 ./SRC/MCAL/ADC/ADC.o
                0x000000000000233e                ADC_voidDisable
 .text.Sev_SegINIT
                0x0000000000002360       0x34 ./SRC/HAL/Sev_Seg/Sev_Seg.o
                0x0000000000002360                Sev_SegINIT
 .text.Sev_Seg_enuShowNum
                0x0000000000002394       0x92 ./SRC/HAL/Sev_Seg/Sev_Seg.o
                0x0000000000002394                Sev_Seg_enuShowNum
 .text.Sev_Seg_enuCountUpToNum
                0x0000000000002426      0x2b4 ./SRC/HAL/Sev_Seg/Sev_Seg.o
                0x0000000000002426                Sev_Seg_enuCountUpToNum
 .text.Sev_Seg_enuCountDownToZero
                0x00000000000026da      0x2b8 ./SRC/HAL/Sev_Seg/Sev_Seg.o
                0x00000000000026da                Sev_Seg_enuCountDownToZero
 .text.LED_init
                0x0000000000002992       0x4e ./SRC/HAL/LED/Led.o
                0x0000000000002992                LED_init
 .text.LED_enuLedOn
                0x00000000000029e0       0x7a ./SRC/HAL/LED/Led.o
                0x00000000000029e0                LED_enuLedOn
 .text.LED_enuLedOff
                0x0000000000002a5a       0x7a ./SRC/HAL/LED/Led.o
                0x0000000000002a5a                LED_enuLedOff
 .text.LCD_vidInit
                0x0000000000002ad4      0x6ae ./SRC/HAL/LCD/LCD.o
                0x0000000000002ad4                LCD_vidInit
 .text.LCD_vidSendChar
                0x0000000000003182       0x86 ./SRC/HAL/LCD/LCD.o
                0x0000000000003182                LCD_vidSendChar
 .text.LCD_vidSendString
                0x0000000000003208       0x78 ./SRC/HAL/LCD/LCD.o
                0x0000000000003208                LCD_vidSendString
 .text.LCD_vidSendCommand
                0x0000000000003280       0x86 ./SRC/HAL/LCD/LCD.o
                0x0000000000003280                LCD_vidSendCommand
 .text.LCD_vidSendDigit
                0x0000000000003306       0x5a ./SRC/HAL/LCD/LCD.o
                0x0000000000003306                LCD_vidSendDigit
 .text.LCD_vidMoveCursor
                0x0000000000003360       0x90 ./SRC/HAL/LCD/LCD.o
                0x0000000000003360                LCD_vidMoveCursor
 .text.LCD_vidSendNumber
                0x00000000000033f0      0x198 ./SRC/HAL/LCD/LCD.o
                0x00000000000033f0                LCD_vidSendNumber
 .text.LCD_vidPulseEnable
                0x0000000000003588      0x15a ./SRC/HAL/LCD/LCD.o
                0x0000000000003588                LCD_vidPulseEnable
 .text.Keypad_voidGetPressedKey
                0x00000000000036e2      0x1a2 ./SRC/HAL/Keypad/Keypad.o
                0x00000000000036e2                Keypad_voidGetPressedKey
 .text.Keypad_voidSetKeyPadDir
                0x0000000000003884       0x20 ./SRC/HAL/Keypad/Keypad.o
                0x0000000000003884                Keypad_voidSetKeyPadDir
 .text.main     0x00000000000038a4       0xfa ./SRC/APP/main.o
                0x00000000000038a4                main
 .text.LogIn    0x000000000000399e      0x2b8 ./SRC/APP/main.o
                0x000000000000399e                LogIn
 .text.compare_arrays
                0x0000000000003c56       0x6a ./SRC/APP/main.o
                0x0000000000003c56                compare_arrays
 .text.libgcc.mul
                0x0000000000003cc0        0x0 /usr/lib/gcc/avr/5.4.0/avr5/libgcc.a(_exit.o)
 .text.libgcc.div
                0x0000000000003cc0        0x0 /usr/lib/gcc/avr/5.4.0/avr5/libgcc.a(_exit.o)
 .text.libgcc   0x0000000000003cc0        0x0 /usr/lib/gcc/avr/5.4.0/avr5/libgcc.a(_exit.o)
 .text.libgcc.prologue
                0x0000000000003cc0        0x0 /usr/lib/gcc/avr/5.4.0/avr5/libgcc.a(_exit.o)
 .text.libgcc.builtins
                0x0000000000003cc0        0x0 /usr/lib/gcc/avr/5.4.0/avr5/libgcc.a(_exit.o)
 .text.libgcc.fmul
                0x0000000000003cc0        0x0 /usr/lib/gcc/avr/5.4.0/avr5/libgcc.a(_exit.o)
 .text.libgcc.fixed
                0x0000000000003cc0        0x0 /usr/lib/gcc/avr/5.4.0/avr5/libgcc.a(_exit.o)
 .text.libgcc.mul
                0x0000000000003cc0        0x0 /usr/lib/gcc/avr/5.4.0/avr5/libgcc.a(_tablejump2.o)
 .text.libgcc.div
                0x0000000000003cc0        0x0 /usr/lib/gcc/avr/5.4.0/avr5/libgcc.a(_tablejump2.o)
 .text.libgcc   0x0000000000003cc0        0xc /usr/lib/gcc/avr/5.4.0/avr5/libgcc.a(_tablejump2.o)
                0x0000000000003cc0                __tablejump2__
 .text.libgcc.prologue
                0x0000000000003ccc        0x0 /usr/lib/gcc/avr/5.4.0/avr5/libgcc.a(_tablejump2.o)
 .text.libgcc.builtins
                0x0000000000003ccc        0x0 /usr/lib/gcc/avr/5.4.0/avr5/libgcc.a(_tablejump2.o)
 .text.libgcc.fmul
                0x0000000000003ccc        0x0 /usr/lib/gcc/avr/5.4.0/avr5/libgcc.a(_tablejump2.o)
 .text.libgcc.fixed
                0x0000000000003ccc        0x0 /usr/lib/gcc/avr/5.4.0/avr5/libgcc.a(_tablejump2.o)
 .text.libgcc.mul
                0x0000000000003ccc        0x0 /usr/lib/gcc/avr/5.4.0/avr5/libgcc.a(_copy_data.o)
 .text.libgcc.div
                0x0000000000003ccc        0x0 /usr/lib/gcc/avr/5.4.0/avr5/libgcc.a(_copy_data.o)
 .text.libgcc   0x0000000000003ccc        0x0 /usr/lib/gcc/avr/5.4.0/avr5/libgcc.a(_copy_data.o)
 .text.libgcc.prologue
                0x0000000000003ccc        0x0 /usr/lib/gcc/avr/5.4.0/avr5/libgcc.a(_copy_data.o)
 .text.libgcc.builtins
                0x0000000000003ccc        0x0 /usr/lib/gcc/avr/5.4.0/avr5/libgcc.a(_copy_data.o)
 .text.libgcc.fmul
                0x0000000000003ccc        0x0 /usr/lib/gcc/avr/5.4.0/avr5/libgcc.a(_copy_data.o)
 .text.libgcc.fixed
                0x0000000000003ccc        0x0 /usr/lib/gcc/avr/5.4.0/avr5/libgcc.a(_copy_data.o)
 .text.libgcc.mul
                0x0000000000003ccc        0x0 /usr/lib/gcc/avr/5.4.0/avr5/libgcc.a(_clear_bss.o)
 .text.libgcc.div
                0x0000000000003ccc        0x0 /usr/lib/gcc/avr/5.4.0/avr5/libgcc.a(_clear_bss.o)
 .text.libgcc   0x0000000000003ccc        0x0 /usr/lib/gcc/avr/5.4.0/avr5/libgcc.a(_clear_bss.o)
 .text.libgcc.prologue
                0x0000000000003ccc        0x0 /usr/lib/gcc/avr/5.4.0/avr5/libgcc.a(_clear_bss.o)
 .text.libgcc.builtins
                0x0000000000003ccc        0x0 /usr/lib/gcc/avr/5.4.0/avr5/libgcc.a(_clear_bss.o)
 .text.libgcc.fmul
                0x0000000000003ccc        0x0 /usr/lib/gcc/avr/5.4.0/avr5/libgcc.a(_clear_bss.o)
 .text.libgcc.fixed
                0x0000000000003ccc        0x0 /usr/lib/gcc/avr/5.4.0/avr5/libgcc.a(_clear_bss.o)
 .text.libgcc.mul
                0x0000000000003ccc       0x1e /usr/lib/gcc/avr/5.4.0/avr5/libgcc.a(_umulhisi3.o)
                0x0000000000003ccc                __umulhisi3
 .text.libgcc.div
                0x0000000000003cea        0x0 /usr/lib/gcc/avr/5.4.0/avr5/libgcc.a(_umulhisi3.o)
 .text.libgcc   0x0000000000003cea        0x0 /usr/lib/gcc/avr/5.4.0/avr5/libgcc.a(_umulhisi3.o)
 .text.libgcc.prologue
                0x0000000000003cea        0x0 /usr/lib/gcc/avr/5.4.0/avr5/libgcc.a(_umulhisi3.o)
 .text.libgcc.builtins
                0x0000000000003cea        0x0 /usr/lib/gcc/avr/5.4.0/avr5/libgcc.a(_umulhisi3.o)
 .text.libgcc.fmul
                0x0000000000003cea        0x0 /usr/lib/gcc/avr/5.4.0/avr5/libgcc.a(_umulhisi3.o)
 .text.libgcc.fixed
                0x0000000000003cea        0x0 /usr/lib/gcc/avr/5.4.0/avr5/libgcc.a(_umulhisi3.o)
 .text.avr-libc.fplib
                0x0000000000003cea        0xe /usr/lib/gcc/avr/5.4.0/../../../avr/lib/avr5/libm.a(addsf3.o)
                0x0000000000003cea                __subsf3
                0x0000000000003cec                __addsf3
 .text.avr-libc.fplib
                0x0000000000003cf8       0xcc /usr/lib/gcc/avr/5.4.0/../../../avr/lib/avr5/libm.a(addsf3x.o)
                0x0000000000003d1a                __addsf3x
 .text.avr-libc.fplib
                0x0000000000003dc4        0xa /usr/lib/gcc/avr/5.4.0/../../../avr/lib/avr5/libm.a(cmpsf2.o)
                0x0000000000003dc4                __lesf2
                0x0000000000003dc4                __nesf2
                0x0000000000003dc4                __eqsf2
                0x0000000000003dc4                __cmpsf2
                0x0000000000003dc4                __ltsf2
 .text.avr-libc.fplib
                0x0000000000003dce        0x8 /usr/lib/gcc/avr/5.4.0/../../../avr/lib/avr5/libm.a(divsf3.o)
                0x0000000000003dce                __divsf3
 .text.avr-libc.fplib
                0x0000000000003dd6       0xdc /usr/lib/gcc/avr/5.4.0/../../../avr/lib/avr5/libm.a(divsf3x.o)
                0x0000000000003df6                __divsf3x
                0x0000000000003dfc                __divsf3_pse
 .text.avr-libc.fplib
                0x0000000000003eb2       0x5e /usr/lib/gcc/avr/5.4.0/../../../avr/lib/avr5/libm.a(fixunssfsi.o)
                0x0000000000003eb2                __fixunssfsi
 .text.avr-libc.fplib
                0x0000000000003f10       0x7a /usr/lib/gcc/avr/5.4.0/../../../avr/lib/avr5/libm.a(floatsisf.o)
                0x0000000000003f10                __floatunsisf
                0x0000000000003f14                __floatsisf
 .text.avr-libc.fplib
                0x0000000000003f8a       0x48 /usr/lib/gcc/avr/5.4.0/../../../avr/lib/avr5/libm.a(fp_cmp.o)
                0x0000000000003f8a                __fp_cmp
 .text.avr-libc.fplib
                0x0000000000003fd2        0xc /usr/lib/gcc/avr/5.4.0/../../../avr/lib/avr5/libm.a(fp_inf.o)
                0x0000000000003fd2                __fp_inf
 .text.avr-libc.fplib
                0x0000000000003fde        0x6 /usr/lib/gcc/avr/5.4.0/../../../avr/lib/avr5/libm.a(fp_nan.o)
                0x0000000000003fde                __fp_nan
 .text.avr-libc.fplib
                0x0000000000003fe4        0xe /usr/lib/gcc/avr/5.4.0/../../../avr/lib/avr5/libm.a(fp_pscA.o)
                0x0000000000003fe4                __fp_pscA
 .text.avr-libc.fplib
                0x0000000000003ff2        0xe /usr/lib/gcc/avr/5.4.0/../../../avr/lib/avr5/libm.a(fp_pscB.o)
                0x0000000000003ff2                __fp_pscB
 .text.avr-libc.fplib
                0x0000000000004000       0x22 /usr/lib/gcc/avr/5.4.0/../../../avr/lib/avr5/libm.a(fp_round.o)
                0x0000000000004000                __fp_round
 .text.avr-libc.fplib
                0x0000000000004022       0x44 /usr/lib/gcc/avr/5.4.0/../../../avr/lib/avr5/libm.a(fp_split3.o)
                0x0000000000004022                __fp_split3
                0x0000000000004032                __fp_splitA
 .text.avr-libc.fplib
                0x0000000000004066        0xe /usr/lib/gcc/avr/5.4.0/../../../avr/lib/avr5/libm.a(fp_zero.o)
                0x0000000000004066                __fp_zero
                0x0000000000004068                __fp_szero
 .text.avr-libc.fplib
                0x0000000000004074        0xa /usr/lib/gcc/avr/5.4.0/../../../avr/lib/avr5/libm.a(gesf2.o)
                0x0000000000004074                __gtsf2
                0x0000000000004074                __gesf2
 .text.avr-libc.fplib
                0x000000000000407e        0x8 /usr/lib/gcc/avr/5.4.0/../../../avr/lib/avr5/libm.a(mulsf3.o)
                0x000000000000407e                __mulsf3
 .text.avr-libc.fplib
                0x0000000000004086       0xd2 /usr/lib/gcc/avr/5.4.0/../../../avr/lib/avr5/libm.a(mulsf3x.o)
                0x00000000000040a4                __mulsf3x
                0x00000000000040aa                __mulsf3_pse
                0x0000000000004158                . = ALIGN (0x2)
 *(.fini9)
 .fini9         0x0000000000004158        0x0 /usr/lib/gcc/avr/5.4.0/avr5/libgcc.a(_exit.o)
                0x0000000000004158                exit
                0x0000000000004158                _exit
 *(.fini9)
 *(.fini8)
 *(.fini8)
 *(.fini7)
 *(.fini7)
 *(.fini6)
 *(.fini6)
 *(.fini5)
 *(.fini5)
 *(.fini4)
 *(.fini4)
 *(.fini3)
 *(.fini3)
 *(.fini2)
 *(.fini2)
 *(.fini1)
 *(.fini1)
 *(.fini0)
 .fini0         0x0000000000004158        0x4 /usr/lib/gcc/avr/5.4.0/avr5/libgcc.a(_exit.o)
 *(.fini0)
                0x000000000000415c                _etext = .

.data           0x0000000000800060       0xde load address 0x000000000000415c
                0x0000000000800060                PROVIDE (__data_start, .)
 *(.data)
 .data          0x0000000000800060        0x0 /usr/lib/gcc/avr/5.4.0/../../../avr/lib/avr5/crtatmega32.o
 .data          0x0000000000800060        0x0 ./SRC/MCAL/UART/UART.o
 .data          0x0000000000800060        0x0 ./SRC/MCAL/Timer/timer.o
 .data          0x0000000000800060        0x0 ./SRC/MCAL/SPI/spi.o
 .data          0x0000000000800060        0x0 ./SRC/MCAL/EXTI/EXTI.o
 .data          0x0000000000800060        0x0 ./SRC/MCAL/DIO/Dio.o
 .data          0x0000000000800060        0x0 ./SRC/MCAL/DIO/Dio_cfg.o
 .data          0x0000000000800060        0x0 ./SRC/MCAL/ADC/ADC.o
 .data          0x0000000000800060        0x0 ./SRC/HAL/Sev_Seg/Sev_Seg.o
 .data          0x0000000000800060        0x0 ./SRC/HAL/LED/Led.o
 .data          0x0000000000800060        0x0 ./SRC/HAL/LCD/LCD.o
 .data          0x0000000000800060        0x0 ./SRC/HAL/Keypad/Keypad.o
 .data          0x0000000000800060        0x0 ./SRC/APP/main.o
 .data          0x0000000000800060        0x0 ./SRC/APP/mainIraqi.o
 .data          0x0000000000800060        0x0 /usr/lib/gcc/avr/5.4.0/avr5/libgcc.a(_exit.o)
 .data          0x0000000000800060        0x0 /usr/lib/gcc/avr/5.4.0/avr5/libgcc.a(_tablejump2.o)
 .data          0x0000000000800060        0x0 /usr/lib/gcc/avr/5.4.0/avr5/libgcc.a(_copy_data.o)
 .data          0x0000000000800060        0x0 /usr/lib/gcc/avr/5.4.0/avr5/libgcc.a(_clear_bss.o)
 .data          0x0000000000800060        0x0 /usr/lib/gcc/avr/5.4.0/avr5/libgcc.a(_umulhisi3.o)
 .data          0x0000000000800060        0x0 /usr/lib/gcc/avr/5.4.0/../../../avr/lib/avr5/libm.a(addsf3.o)
 .data          0x0000000000800060        0x0 /usr/lib/gcc/avr/5.4.0/../../../avr/lib/avr5/libm.a(addsf3x.o)
 .data          0x0000000000800060        0x0 /usr/lib/gcc/avr/5.4.0/../../../avr/lib/avr5/libm.a(cmpsf2.o)
 .data          0x0000000000800060        0x0 /usr/lib/gcc/avr/5.4.0/../../../avr/lib/avr5/libm.a(divsf3.o)
 .data          0x0000000000800060        0x0 /usr/lib/gcc/avr/5.4.0/../../../avr/lib/avr5/libm.a(divsf3x.o)
 .data          0x0000000000800060        0x0 /usr/lib/gcc/avr/5.4.0/../../../avr/lib/avr5/libm.a(fixunssfsi.o)
 .data          0x0000000000800060        0x0 /usr/lib/gcc/avr/5.4.0/../../../avr/lib/avr5/libm.a(floatsisf.o)
 .data          0x0000000000800060        0x0 /usr/lib/gcc/avr/5.4.0/../../../avr/lib/avr5/libm.a(fp_cmp.o)
 .data          0x0000000000800060        0x0 /usr/lib/gcc/avr/5.4.0/../../../avr/lib/avr5/libm.a(fp_inf.o)
 .data          0x0000000000800060        0x0 /usr/lib/gcc/avr/5.4.0/../../../avr/lib/avr5/libm.a(fp_nan.o)
 .data          0x0000000000800060        0x0 /usr/lib/gcc/avr/5.4.0/../../../avr/lib/avr5/libm.a(fp_pscA.o)
 .data          0x0000000000800060        0x0 /usr/lib/gcc/avr/5.4.0/../../../avr/lib/avr5/libm.a(fp_pscB.o)
 .data          0x0000000000800060        0x0 /usr/lib/gcc/avr/5.4.0/../../../avr/lib/avr5/libm.a(fp_round.o)
 .data          0x0000000000800060        0x0 /usr/lib/gcc/avr/5.4.0/../../../avr/lib/avr5/libm.a(fp_split3.o)
 .data          0x0000000000800060        0x0 /usr/lib/gcc/avr/5.4.0/../../../avr/lib/avr5/libm.a(fp_zero.o)
 .data          0x0000000000800060        0x0 /usr/lib/gcc/avr/5.4.0/../../../avr/lib/avr5/libm.a(gesf2.o)
 .data          0x0000000000800060        0x0 /usr/lib/gcc/avr/5.4.0/../../../avr/lib/avr5/libm.a(mulsf3.o)
 .data          0x0000000000800060        0x0 /usr/lib/gcc/avr/5.4.0/../../../avr/lib/avr5/libm.a(mulsf3x.o)
 *(.data*)
 .data.Sev_Seg_Arr_DecToSeg
                0x0000000000800060        0xb ./SRC/HAL/Sev_Seg/Sev_Seg.o
 .data.KeyPadValues
                0x000000000080006b       0x10 ./SRC/HAL/Keypad/Keypad.o
                0x000000000080006b                KeyPadValues
 .data.usernames
                0x000000000080007b        0xf ./SRC/APP/main.o
                0x000000000080007b                usernames
 .data.passwords
                0x000000000080008a       0x12 ./SRC/APP/main.o
                0x000000000080008a                passwords
 *(.gnu.linkonce.d*)
 *(.rodata)
 .rodata        0x000000000080009c       0xa1 ./SRC/APP/main.o
 *(.rodata*)
 *(.gnu.linkonce.r*)
                0x000000000080013e                . = ALIGN (0x2)
 *fill*         0x000000000080013d        0x1 
                0x000000000080013e                _edata = .
                0x000000000080013e                PROVIDE (__data_end, .)

.bss            0x000000000080013e        0xd
                0x000000000080013e                PROVIDE (__bss_start, .)
 *(.bss)
 .bss           0x000000000080013e        0x0 /usr/lib/gcc/avr/5.4.0/../../../avr/lib/avr5/crtatmega32.o
 .bss           0x000000000080013e        0x0 ./SRC/MCAL/UART/UART.o
 .bss           0x000000000080013e        0x0 ./SRC/MCAL/Timer/timer.o
 .bss           0x000000000080013e        0x0 ./SRC/MCAL/SPI/spi.o
 .bss           0x000000000080013e        0x0 ./SRC/MCAL/EXTI/EXTI.o
 .bss           0x000000000080013e        0x0 ./SRC/MCAL/DIO/Dio.o
 .bss           0x000000000080013e        0x0 ./SRC/MCAL/DIO/Dio_cfg.o
 .bss           0x000000000080013e        0x0 ./SRC/MCAL/ADC/ADC.o
 .bss           0x000000000080013e        0x0 ./SRC/HAL/Sev_Seg/Sev_Seg.o
 .bss           0x000000000080013e        0x0 ./SRC/HAL/LED/Led.o
 .bss           0x000000000080013e        0x0 ./SRC/HAL/LCD/LCD.o
 .bss           0x000000000080013e        0x0 ./SRC/HAL/Keypad/Keypad.o
 .bss           0x000000000080013e        0x0 ./SRC/APP/main.o
 .bss           0x000000000080013e        0x0 ./SRC/APP/mainIraqi.o
 .bss           0x000000000080013e        0x0 /usr/lib/gcc/avr/5.4.0/avr5/libgcc.a(_exit.o)
 .bss           0x000000000080013e        0x0 /usr/lib/gcc/avr/5.4.0/avr5/libgcc.a(_tablejump2.o)
 .bss           0x000000000080013e        0x0 /usr/lib/gcc/avr/5.4.0/avr5/libgcc.a(_copy_data.o)
 .bss           0x000000000080013e        0x0 /usr/lib/gcc/avr/5.4.0/avr5/libgcc.a(_clear_bss.o)
 .bss           0x000000000080013e        0x0 /usr/lib/gcc/avr/5.4.0/avr5/libgcc.a(_umulhisi3.o)
 .bss           0x000000000080013e        0x0 /usr/lib/gcc/avr/5.4.0/../../../avr/lib/avr5/libm.a(addsf3.o)
 .bss           0x000000000080013e        0x0 /usr/lib/gcc/avr/5.4.0/../../../avr/lib/avr5/libm.a(addsf3x.o)
 .bss           0x000000000080013e        0x0 /usr/lib/gcc/avr/5.4.0/../../../avr/lib/avr5/libm.a(cmpsf2.o)
 .bss           0x000000000080013e        0x0 /usr/lib/gcc/avr/5.4.0/../../../avr/lib/avr5/libm.a(divsf3.o)
 .bss           0x000000000080013e        0x0 /usr/lib/gcc/avr/5.4.0/../../../avr/lib/avr5/libm.a(divsf3x.o)
 .bss           0x000000000080013e        0x0 /usr/lib/gcc/avr/5.4.0/../../../avr/lib/avr5/libm.a(fixunssfsi.o)
 .bss           0x000000000080013e        0x0 /usr/lib/gcc/avr/5.4.0/../../../avr/lib/avr5/libm.a(floatsisf.o)
 .bss           0x000000000080013e        0x0 /usr/lib/gcc/avr/5.4.0/../../../avr/lib/avr5/libm.a(fp_cmp.o)
 .bss           0x000000000080013e        0x0 /usr/lib/gcc/avr/5.4.0/../../../avr/lib/avr5/libm.a(fp_inf.o)
 .bss           0x000000000080013e        0x0 /usr/lib/gcc/avr/5.4.0/../../../avr/lib/avr5/libm.a(fp_nan.o)
 .bss           0x000000000080013e        0x0 /usr/lib/gcc/avr/5.4.0/../../../avr/lib/avr5/libm.a(fp_pscA.o)
 .bss           0x000000000080013e        0x0 /usr/lib/gcc/avr/5.4.0/../../../avr/lib/avr5/libm.a(fp_pscB.o)
 .bss           0x000000000080013e        0x0 /usr/lib/gcc/avr/5.4.0/../../../avr/lib/avr5/libm.a(fp_round.o)
 .bss           0x000000000080013e        0x0 /usr/lib/gcc/avr/5.4.0/../../../avr/lib/avr5/libm.a(fp_split3.o)
 .bss           0x000000000080013e        0x0 /usr/lib/gcc/avr/5.4.0/../../../avr/lib/avr5/libm.a(fp_zero.o)
 .bss           0x000000000080013e        0x0 /usr/lib/gcc/avr/5.4.0/../../../avr/lib/avr5/libm.a(gesf2.o)
 .bss           0x000000000080013e        0x0 /usr/lib/gcc/avr/5.4.0/../../../avr/lib/avr5/libm.a(mulsf3.o)
 .bss           0x000000000080013e        0x0 /usr/lib/gcc/avr/5.4.0/../../../avr/lib/avr5/libm.a(mulsf3x.o)
 *(.bss*)
 .bss.userFound
                0x000000000080013e        0x1 ./SRC/APP/main.o
                0x000000000080013e                userFound
 .bss.userIndex
                0x000000000080013f        0x1 ./SRC/APP/main.o
                0x000000000080013f                userIndex
 .bss.passFound
                0x0000000000800140        0x1 ./SRC/APP/main.o
                0x0000000000800140                passFound
 *(COMMON)
 COMMON         0x0000000000800141        0xa ./SRC/APP/main.o
                0x0000000000800141                dataPass
                0x0000000000800146                dataUser
                0x000000000080014b                PROVIDE (__bss_end, .)
                0x000000000000415c                __data_load_start = LOADADDR (.data)
                0x000000000000423a                __data_load_end = (__data_load_start + SIZEOF (.data))

.noinit         0x000000000080014b        0x0
                [!provide]                        PROVIDE (__noinit_start, .)
 *(.noinit*)
                [!provide]                        PROVIDE (__noinit_end, .)
                0x000000000080014b                _end = .
                [!provide]                        PROVIDE (__heap_start, .)

.eeprom         0x0000000000810000        0x0
 *(.eeprom*)
                0x0000000000810000                __eeprom_end = .

.fuse
 *(.fuse)
 *(.lfuse)
 *(.hfuse)
 *(.efuse)

.lock
 *(.lock*)

.signature
 *(.signature*)

.user_signatures
 *(.user_signatures*)

.stab           0x0000000000000000     0x7380
 *(.stab)
 .stab          0x0000000000000000      0x87c ./SRC/MCAL/UART/UART.o
 .stab          0x000000000000087c     0x1290 ./SRC/MCAL/Timer/timer.o
                                       0x129c (size before relaxing)
 .stab          0x0000000000001b0c      0xb1c ./SRC/MCAL/SPI/spi.o
                                        0xccc (size before relaxing)
 .stab          0x0000000000002628      0x270 ./SRC/MCAL/EXTI/EXTI.o
                                        0x27c (size before relaxing)
 .stab          0x0000000000002898      0xc0c ./SRC/MCAL/DIO/Dio.o
                                        0xc18 (size before relaxing)
 .stab          0x00000000000034a4      0x270 ./SRC/MCAL/DIO/Dio_cfg.o
                                        0x27c (size before relaxing)
 .stab          0x0000000000003714      0x4bc ./SRC/MCAL/ADC/ADC.o
                                        0x4c8 (size before relaxing)
 .stab          0x0000000000003bd0      0xbe8 ./SRC/HAL/Sev_Seg/Sev_Seg.o
                                        0xd8c (size before relaxing)
 .stab          0x00000000000047b8      0x744 ./SRC/HAL/LED/Led.o
                                        0x8f4 (size before relaxing)
 .stab          0x0000000000004efc     0x10b0 ./SRC/HAL/LCD/LCD.o
                                       0x1254 (size before relaxing)
 .stab          0x0000000000005fac      0x618 ./SRC/HAL/Keypad/Keypad.o
                                        0x7bc (size before relaxing)
 .stab          0x00000000000065c4      0xaec ./SRC/APP/main.o
                                        0xc84 (size before relaxing)
 .stab          0x00000000000070b0      0x2d0 ./SRC/APP/mainIraqi.o
                                        0x5e8 (size before relaxing)

.stabstr        0x0000000000000000     0x27ae
 *(.stabstr)
 .stabstr       0x0000000000000000     0x27ae ./SRC/MCAL/UART/UART.o

.stab.excl
 *(.stab.excl)

.stab.exclstr
 *(.stab.exclstr)

.stab.index
 *(.stab.index)

.stab.indexstr
 *(.stab.indexstr)

.comment        0x0000000000000000       0x11
 *(.comment)
 .comment       0x0000000000000000       0x11 ./SRC/MCAL/UART/UART.o
                                         0x12 (size before relaxing)
 .comment       0x0000000000000011       0x12 ./SRC/MCAL/Timer/timer.o
 .comment       0x0000000000000011       0x12 ./SRC/MCAL/SPI/spi.o
 .comment       0x0000000000000011       0x12 ./SRC/MCAL/EXTI/EXTI.o
 .comment       0x0000000000000011       0x12 ./SRC/MCAL/DIO/Dio.o
 .comment       0x0000000000000011       0x12 ./SRC/MCAL/DIO/Dio_cfg.o
 .comment       0x0000000000000011       0x12 ./SRC/MCAL/ADC/ADC.o
 .comment       0x0000000000000011       0x12 ./SRC/HAL/Sev_Seg/Sev_Seg.o
 .comment       0x0000000000000011       0x12 ./SRC/HAL/LED/Led.o
 .comment       0x0000000000000011       0x12 ./SRC/HAL/LCD/LCD.o
 .comment       0x0000000000000011       0x12 ./SRC/HAL/Keypad/Keypad.o
 .comment       0x0000000000000011       0x12 ./SRC/APP/main.o
 .comment       0x0000000000000011       0x12 ./SRC/APP/mainIraqi.o

.note.gnu.avr.deviceinfo
                0x0000000000000000       0x3c
 .note.gnu.avr.deviceinfo
                0x0000000000000000       0x3c /usr/lib/gcc/avr/5.4.0/../../../avr/lib/avr5/crtatmega32.o

.note.gnu.build-id
 *(.note.gnu.build-id)

.debug
 *(.debug)

.line
 *(.line)

.debug_srcinfo
 *(.debug_srcinfo)

.debug_sfnames
 *(.debug_sfnames)

.debug_aranges
 *(.debug_aranges)

.debug_pubnames
 *(.debug_pubnames)

.debug_info     0x0000000000000000      0x4e6
 *(.debug_info .gnu.linkonce.wi.*)
 .debug_info    0x0000000000000000      0x4e6 /usr/lib/gcc/avr/5.4.0/../../../avr/lib/avr5/crtatmega32.o

.debug_abbrev   0x0000000000000000      0x4a3
 *(.debug_abbrev)
 .debug_abbrev  0x0000000000000000      0x4a3 /usr/lib/gcc/avr/5.4.0/../../../avr/lib/avr5/crtatmega32.o

.debug_line     0x0000000000000000       0x1a
 *(.debug_line .debug_line.* .debug_line_end)
 .debug_line    0x0000000000000000       0x1a /usr/lib/gcc/avr/5.4.0/../../../avr/lib/avr5/crtatmega32.o

.debug_frame
 *(.debug_frame)

.debug_str      0x0000000000000000      0x196
 *(.debug_str)
 .debug_str     0x0000000000000000      0x196 /usr/lib/gcc/avr/5.4.0/../../../avr/lib/avr5/crtatmega32.o

.debug_loc
 *(.debug_loc)

.debug_macinfo
 *(.debug_macinfo)

.debug_weaknames
 *(.debug_weaknames)

.debug_funcnames
 *(.debug_funcnames)

.debug_typenames
 *(.debug_typenames)

.debug_varnames
 *(.debug_varnames)

.debug_pubtypes
 *(.debug_pubtypes)

.debug_ranges
 *(.debug_ranges)

.debug_macro
 *(.debug_macro)
OUTPUT(graduationProject.elf elf32-avr)
LOAD linker stubs
